[cubebooks.github.io/index.html]
[backblue.gif]
[fade.gif]
[index.html]
[cubebooks.github.io/assets/css/main.css]
[cubebooks.github.io/animate.min.css]
[cubebooks.github.io/images/icon.png]
[cdnjs.cloudflare.com/ajax/libs/animate.css/3.7.0/animate.min.css]
[cubebooks.github.io/index-2.html]
[cubebooks.github.io/images/avatar.jpg]
[cubebooks.github.io/images/banner.png]
[cubebooks.github.io/English Books.html]
[cubebooks.github.io/English Notes.html]
[cubebooks.github.io/English Papers.html]
[cubebooks.github.io/Physics Books.html]
[cubebooks.github.io/Physics Notes.html]
[cubebooks.github.io/Physics Papers.html]
[cubebooks.github.io/Chemistry Books.html]
[cubebooks.github.io/Chemistry Notes.html]
[cubebooks.github.io/Chemistry Papers.html]
[cubebooks.github.io/Biology Books.html]
[cubebooks.github.io/Biology Notes.html]
[cubebooks.github.io/Biology Papers.html]
[cubebooks.github.io/Mathematics Books.html]
[cubebooks.github.io/Mathematics Notes.html]
[cubebooks.github.io/Mathematics Papers.html]
[cubebooks.github.io/Computer Books.html]
[cubebooks.github.io/Computer Notes.html]
[cubebooks.github.io/Computer Papers.html]
[cubebooks.github.io/Accounts Books.html]
[cubebooks.github.io/Accounts Notes.html]
[cubebooks.github.io/Accounts Papers.html]
[cubebooks.github.io/Economics Books.html]
[cubebooks.github.io/Economics Notes.html]
[cubebooks.github.io/Economics Papers.html]
[cubebooks.github.io/Physical Education Books.html]
[cubebooks.github.io/Physical Education Notes.html]
[cubebooks.github.io/Physical Education Papers.html]
[cubebooks.github.io/Business Studies Books.html]
[cubebooks.github.io/Business Studies Notes.html]
[cubebooks.github.io/Business Studies Papers.html]
[cubebooks.github.io/CISCE.html]
[cubebooks.github.io/CBSE.html]
[cubebooks.github.io/Entrance Books.html]
[cubebooks.github.io/assets/js/jquery.min.js]
[cubebooks.github.io/assets/js/jquery.scrollex.min.js]
[cubebooks.github.io/assets/js/jquery.scrolly.min.js]
[cubebooks.github.io/assets/js/browser.min.js]
[cubebooks.github.io/assets/js/breakpoints.min.js]
[cubebooks.github.io/assets/js/util.js]
[cubebooks.github.io/assets/js/main.js]
[cubebooks.github.io/GET]
[cubebooks.github.io/index.html]
[cubebooks.github.io/assets/css/main.css]
[cubebooks.github.io/animate.min.html]
[cdnjs.cloudflare.com/ajax/libs/animate.css/3.7.0/animate.min.css]
[cubebooks.github.io/index-2.html]
[cubebooks.github.io/assets/css/fontawesome-all.min.css]
[cubebooks.github.io/assets/css/extra.css]
[code.jquery.com/mobile/1.4.5/jquery.mobile-1.4.5.min.css]
[cubebooks.github.io/English Books.html]
[cubebooks.github.io/English Notes.html]
[cubebooks.github.io/English Papers.html]
[cubebooks.github.io/Physics Books.html]
[cubebooks.github.io/Physics Notes.html]
[cubebooks.github.io/Physics Papers.html]
[cubebooks.github.io/Chemistry Books.html]
[cubebooks.github.io/Chemistry Notes.html]
[cubebooks.github.io/Chemistry Papers.html]
[cubebooks.github.io/Biology Books.html]
[cubebooks.github.io/Biology Notes.html]
[cubebooks.github.io/Biology Papers.html]
[cubebooks.github.io/Mathematics Books.html]
[cubebooks.github.io/Mathematics Notes.html]
[cubebooks.github.io/Mathematics Papers.html]
[cubebooks.github.io/Computer Books.html]
[cubebooks.github.io/Computer Notes.html]
[cubebooks.github.io/Computer Papers.html]
[cubebooks.github.io/Accounts Books.html]
[cubebooks.github.io/Accounts Notes.html]
[cubebooks.github.io/Accounts Papers.html]
[cubebooks.github.io/Economics Books.html]
[cubebooks.github.io/Economics Notes.html]
[cubebooks.github.io/Economics Papers.html]
[cubebooks.github.io/Physical Education Books.html]
[cubebooks.github.io/Physical Education Notes.html]
[cubebooks.github.io/Physical Education Papers.html]
[cubebooks.github.io/Business Studies Books.html]
[cubebooks.github.io/Business Studies Notes.html]
[cubebooks.github.io/Business Studies Papers.html]
[cubebooks.github.io/CISCE.html]
[cubebooks.github.io/CBSE.html]
[cubebooks.github.io/Entrance Books.html]
[cubebooks.github.io/GET.html]
[code.jquery.com/jquery-1.11.1.min.js]
[cubebooks.github.io/assets/webfonts/fa-brands-400.woff2]
[code.jquery.com/mobile/1.4.5/jquery.mobile-1.4.5.min.js]
[cubebooks.github.io/assets/webfonts/fa-brands-400.eot]
[cubebooks.github.io/assets/webfonts/fa-brands-400d41d.eot]
[cubebooks.github.io/assets/webfonts/fa-brands-400.woff]
[cubebooks.github.io/assets/webfonts/fa-brands-400.ttf]
[cubebooks.github.io/assets/webfonts/fa-brands-400.svg]
[cubebooks.github.io/assets/webfonts/fa-regular-400.eot]
[cubebooks.github.io/assets/webfonts/fa-regular-400d41d.eot]
[cubebooks.github.io/assets/webfonts/fa-regular-400.woff2]
[cubebooks.github.io/assets/webfonts/fa-regular-400.woff]
[cubebooks.github.io/assets/webfonts/fa-regular-400.ttf]
[cubebooks.github.io/assets/webfonts/fa-regular-400.svg]
[cubebooks.github.io/assets/webfonts/fa-solid-900.eot]
[cubebooks.github.io/assets/webfonts/fa-solid-900d41d.eot]
[cubebooks.github.io/assets/webfonts/fa-solid-900.woff2]
[cubebooks.github.io/assets/webfonts/fa-solid-900.woff]
[cubebooks.github.io/assets/webfonts/fa-solid-900.ttf]
[cubebooks.github.io/assets/css/fontawesome-all.min.css]
[cubebooks.github.io/assets/css/extra.css]
[code.jquery.com/mobile/1.4.5/images/icons-png/action-white.png]
[code.jquery.com/mobile/1.4.5/images/icons-png/alert-white.png]
[code.jquery.com/mobile/1.4.5/images/icons-png/arrow-d-l-white.png]
[code.jquery.com/mobile/1.4.5/images/icons-png/arrow-d-r-white.png]
[cubebooks.github.io/assets/webfonts/fa-solid-900.svg]
[code.jquery.com/mobile/1.4.5/images/icons-png/arrow-d-white.png]
[code.jquery.com/mobile/1.4.5/images/icons-png/arrow-l-white.png]
[code.jquery.com/mobile/1.4.5/images/icons-png/arrow-r-white.png]
[code.jquery.com/mobile/1.4.5/images/icons-png/arrow-u-l-white.png]
[code.jquery.com/mobile/1.4.5/images/icons-png/arrow-u-r-white.png]
[code.jquery.com/mobile/1.4.5/images/icons-png/arrow-u-white.png]
[code.jquery.com/mobile/1.4.5/images/icons-png/audio-white.png]
[code.jquery.com/mobile/1.4.5/images/icons-png/back-white.png]
[code.jquery.com/mobile/1.4.5/images/icons-png/bars-white.png]
[code.jquery.com/mobile/1.4.5/images/icons-png/bullets-white.png]
[code.jquery.com/mobile/1.4.5/images/icons-png/calendar-white.png]
[code.jquery.com/mobile/1.4.5/images/icons-png/camera-white.png]
[code.jquery.com/mobile/1.4.5/images/icons-png/carat-d-white.png]
[code.jquery.com/mobile/1.4.5/images/icons-png/carat-l-white.png]
[code.jquery.com/mobile/1.4.5/images/icons-png/carat-r-white.png]
[code.jquery.com/mobile/1.4.5/images/icons-png/carat-u-white.png]
[code.jquery.com/mobile/1.4.5/images/icons-png/check-white.png]
[code.jquery.com/mobile/1.4.5/images/icons-png/clock-white.png]
[code.jquery.com/mobile/1.4.5/images/icons-png/cloud-white.png]
[code.jquery.com/mobile/1.4.5/images/icons-png/delete-white.png]
[code.jquery.com/mobile/1.4.5/images/icons-png/edit-white.png]
[code.jquery.com/mobile/1.4.5/images/icons-png/eye-white.png]
[code.jquery.com/mobile/1.4.5/images/icons-png/forbidden-white.png]
[code.jquery.com/mobile/1.4.5/images/icons-png/forward-white.png]
[code.jquery.com/mobile/1.4.5/images/icons-png/gear-white.png]
[code.jquery.com/mobile/1.4.5/images/icons-png/grid-white.png]
[code.jquery.com/mobile/1.4.5/images/icons-png/heart-white.png]
[code.jquery.com/mobile/1.4.5/images/icons-png/home-white.png]
[code.jquery.com/mobile/1.4.5/images/icons-png/info-white.png]
[code.jquery.com/mobile/1.4.5/images/icons-png/location-white.png]
[code.jquery.com/mobile/1.4.5/images/icons-png/lock-white.png]
[code.jquery.com/mobile/1.4.5/images/icons-png/mail-white.png]
[code.jquery.com/mobile/1.4.5/images/icons-png/minus-white.png]
[code.jquery.com/mobile/1.4.5/images/icons-png/navigation-white.png]
[code.jquery.com/mobile/1.4.5/images/icons-png/phone-white.png]
[code.jquery.com/mobile/1.4.5/images/icons-png/plus-white.png]
[code.jquery.com/mobile/1.4.5/images/icons-png/power-white.png]
[code.jquery.com/mobile/1.4.5/images/icons-png/recycle-white.png]
[code.jquery.com/mobile/1.4.5/images/icons-png/refresh-white.png]
[code.jquery.com/mobile/1.4.5/images/icons-png/search-white.png]
[code.jquery.com/mobile/1.4.5/images/icons-png/shop-white.png]
[code.jquery.com/mobile/1.4.5/images/icons-png/star-white.png]
[code.jquery.com/mobile/1.4.5/images/icons-png/tag-white.png]
[code.jquery.com/mobile/1.4.5/images/icons-png/user-white.png]
[code.jquery.com/mobile/1.4.5/images/icons-png/video-white.png]
[code.jquery.com/mobile/1.4.5/images/icons-png/action-black.png]
[code.jquery.com/mobile/1.4.5/images/icons-png/alert-black.png]
[code.jquery.com/mobile/1.4.5/images/icons-png/arrow-d-black.png]
[code.jquery.com/mobile/1.4.5/images/icons-png/arrow-d-l-black.png]
[code.jquery.com/mobile/1.4.5/images/icons-png/arrow-d-r-black.png]
[code.jquery.com/mobile/1.4.5/images/icons-png/arrow-l-black.png]
[code.jquery.com/mobile/1.4.5/images/icons-png/arrow-r-black.png]
[code.jquery.com/mobile/1.4.5/images/icons-png/arrow-u-black.png]
[code.jquery.com/mobile/1.4.5/images/icons-png/arrow-u-l-black.png]
[code.jquery.com/mobile/1.4.5/images/icons-png/arrow-u-r-black.png]
[code.jquery.com/mobile/1.4.5/images/icons-png/audio-black.png]
[code.jquery.com/mobile/1.4.5/images/icons-png/back-black.png]
[code.jquery.com/mobile/1.4.5/images/icons-png/bars-black.png]
[code.jquery.com/mobile/1.4.5/images/icons-png/bullets-black.png]
[code.jquery.com/mobile/1.4.5/images/icons-png/calendar-black.png]
[code.jquery.com/mobile/1.4.5/images/icons-png/camera-black.png]
[code.jquery.com/mobile/1.4.5/images/icons-png/carat-d-black.png]
[code.jquery.com/mobile/1.4.5/images/icons-png/carat-l-black.png]
[code.jquery.com/mobile/1.4.5/images/icons-png/carat-r-black.png]
[code.jquery.com/mobile/1.4.5/images/icons-png/carat-u-black.png]
[code.jquery.com/mobile/1.4.5/images/icons-png/check-black.png]
[code.jquery.com/mobile/1.4.5/images/icons-png/clock-black.png]
[code.jquery.com/mobile/1.4.5/images/icons-png/cloud-black.png]
[code.jquery.com/mobile/1.4.5/images/icons-png/comment-black.png]
[code.jquery.com/mobile/1.4.5/images/icons-png/delete-black.png]
[code.jquery.com/mobile/1.4.5/images/icons-png/edit-black.png]
[code.jquery.com/mobile/1.4.5/images/icons-png/eye-black.png]
[code.jquery.com/mobile/1.4.5/images/icons-png/forbidden-black.png]
[code.jquery.com/mobile/1.4.5/images/icons-png/forward-black.png]
[code.jquery.com/mobile/1.4.5/images/icons-png/gear-black.png]
[code.jquery.com/mobile/1.4.5/images/icons-png/grid-black.png]
[code.jquery.com/mobile/1.4.5/images/icons-png/heart-black.png]
[code.jquery.com/mobile/1.4.5/images/icons-png/home-black.png]
[code.jquery.com/mobile/1.4.5/images/icons-png/info-black.png]
[code.jquery.com/mobile/1.4.5/images/icons-png/location-black.png]
[code.jquery.com/mobile/1.4.5/images/icons-png/lock-black.png]
[code.jquery.com/mobile/1.4.5/images/icons-png/mail-black.png]
[code.jquery.com/mobile/1.4.5/images/icons-png/minus-black.png]
[code.jquery.com/mobile/1.4.5/images/icons-png/navigation-black.png]
[code.jquery.com/mobile/1.4.5/images/icons-png/phone-black.png]
[code.jquery.com/mobile/1.4.5/images/icons-png/plus-black.png]
[code.jquery.com/mobile/1.4.5/images/icons-png/power-black.png]
[code.jquery.com/mobile/1.4.5/images/icons-png/recycle-black.png]
[code.jquery.com/mobile/1.4.5/images/icons-png/refresh-black.png]
[code.jquery.com/mobile/1.4.5/images/icons-png/search-black.png]
[code.jquery.com/mobile/1.4.5/images/icons-png/shop-black.png]
[code.jquery.com/mobile/1.4.5/images/icons-png/star-black.png]
[code.jquery.com/mobile/1.4.5/images/icons-png/tag-black.png]
[code.jquery.com/mobile/1.4.5/images/icons-png/user-black.png]
[code.jquery.com/mobile/1.4.5/images/icons-png/video-black.png]
[code.jquery.com/mobile/1.4.5/images/ajax-loader.gif]
[code.jquery.com/mobile/1.4.5/jquery.mobile-1.4.5.min.css]
[cubebooks.github.io/assets/webfonts/fa-brands-400.svg]
[cubebooks.github.io/assets/webfonts/fa-regular-400.svg]
[cubebooks.github.io/assets/webfonts/fa-solid-900.svg]
[code.jquery.com/mobile/1.4.5/images/icons-png/comment-white.png]
